
PS C:\xampp\htdocs\mystudy\web-ant\layout> git init
Initialized empty Git repository in C:/xampp/htdocs/mystudy/web-ant/layout/.git/
PS C:\xampp\htdocs\mystudy\web-ant\layout> git add README.md
fatal: pathspec 'README.md' did not match any files
PS C:\xampp\htdocs\mystudy\web-ant\layout> git commit -m "first commit"
On branch main

Initial commit

Untracked files:
  (use "git add <file>..." to include in what will be committed)
        index.html
        styles.css

nothing added to commit but untracked files present (use "git add" to track)
PS C:\xampp\htdocs\mystudy\web-ant\layout> git add index.html styles.css
PS C:\xampp\htdocs\mystudy\web-ant\layout> git commit -m "Initial commit: Added index.html and styles.css"
[main (root-commit) 8669aa6] Initial commit: Added index.html and styles.css
 2 files changed, 291 insertions(+)
 create mode 100644 index.html
 create mode 100644 styles.css
PS C:\xampp\htdocs\mystudy\web-ant\layout> git branch -M main
PS C:\xampp\htdocs\mystudy\web-ant\layout> git remote add origin git@github.com:sometri/layout_assgnt_web_ant.git
PS C:\xampp\htdocs\mystudy\web-ant\layout> git push -u origin main
Enumerating objects: 4, done.
Counting objects: 100% (4/4), done.
Delta compression using up to 4 threads
Compressing objects: 100% (4/4), done.
Writing objects: 100% (4/4), 1.87 KiB | 318.00 KiB/s, done.
Total 4 (delta 0), reused 0 (delta 0), pack-reused 0
To github.com:sometri/layout_assgnt_web_ant.git
 * [new branch]      main -> main
branch 'main' set up to track 'origin/main'.

==================
copy form github
---------
echo "# layout" >> README.md
git init
git add README.md
git commit -m "first commit"
git branch -M main
git remote add origin git@github.com:sometri/layout.git
git push -u origin main
=============
git remote add origin git@github.com:sometri/layout.git
git branch -M main
git push -u origin main